// Jest Snapshot v1, https://goo.gl/fbAQLP

exports[`<Error /> renders without crashing 1`] = `
<span
  className="Error"
>
  Something went wrong
</span>
`;
