// Jest Snapshot v1, https://goo.gl/fbAQLP

exports[`<Loading /> renders without crashing 1`] = `
<div
  className="Loading"
/>
`;
